// Jest Snapshot v1, https://goo.gl/fbAQLP

exports[`SayHello component specs TEST 1 SPINNER: render correctly Spinner component 1`] = `<DocumentFragment />`;
